[1/6] C:\WINDOWS\system32\cmd.exe /C "cd /D C:\ECE478\esp-dev-kits-master\esp-dev-kits-master\esp32-c3-lcdkit\examples\knob_panel\build\esp-idf\esptool_py && C:\Espressif\python_env\idf5.3_py3.11_env\Scripts\python.exe C:/esps/esp-idf/components/partition_table/check_sizes.py --offset 0x8000 partition --type app C:/ECE478/esp-dev-kits-master/esp-dev-kits-master/esp32-c3-lcdkit/examples/knob_panel/build/partition_table/partition-table.bin C:/ECE478/esp-dev-kits-master/esp-dev-kits-master/esp32-c3-lcdkit/examples/knob_panel/build/c3_knob_panel.bin"
c3_knob_panel.bin binary size 0x3016d0 bytes. Smallest app partition is 0x352000 bytes. 0x50930 bytes (9%) free.
[2/6] C:\WINDOWS\system32\cmd.exe /C "cd /D C:\ECE478\esp-dev-kits-master\esp-dev-kits-master\esp32-c3-lcdkit\examples\knob_panel\build\esp-idf\main && C:\Espressif\python_env\idf5.3_py3.11_env\Scripts\python.exe C:/esps/esp-idf/components/spiffs/spiffsgen.py 0x64000 C:/ECE478/esp-dev-kits-master/esp-dev-kits-master/esp32-c3-lcdkit/examples/knob_panel/spiffs C:/ECE478/esp-dev-kits-master/esp-dev-kits-master/esp32-c3-lcdkit/examples/knob_panel/build/storage.bin --page-size=256 --obj-name-len=32 --meta-len=4 --use-magic --use-magic-len"
FAILED: esp-idf/main/CMakeFiles/spiffs_storage_bin C:/ECE478/esp-dev-kits-master/esp-dev-kits-master/esp32-c3-lcdkit/examples/knob_panel/build/esp-idf/main/CMakeFiles/spiffs_storage_bin 
C:\WINDOWS\system32\cmd.exe /C "cd /D C:\ECE478\esp-dev-kits-master\esp-dev-kits-master\esp32-c3-lcdkit\examples\knob_panel\build\esp-idf\main && C:\Espressif\python_env\idf5.3_py3.11_env\Scripts\python.exe C:/esps/esp-idf/components/spiffs/spiffsgen.py 0x64000 C:/ECE478/esp-dev-kits-master/esp-dev-kits-master/esp32-c3-lcdkit/examples/knob_panel/spiffs C:/ECE478/esp-dev-kits-master/esp-dev-kits-master/esp32-c3-lcdkit/examples/knob_panel/build/storage.bin --page-size=256 --obj-name-len=32 --meta-len=4 --use-magic --use-magic-len"
Traceback (most recent call last):
  File "C:\esps\esp-idf\components\spiffs\spiffsgen.py", line 431, in create_file
    block.update_obj(contents_chunk)
  File "C:\esps\esp-idf\components\spiffs\spiffsgen.py", line 346, in update_obj
    raise SpiffsFullError()
SpiffsFullError

During handling of the above exception, another exception occurred:

Traceback (most recent call last):
  File "C:\esps\esp-idf\components\spiffs\spiffsgen.py", line 435, in create_file
    raise SpiffsFullError
SpiffsFullError

During handling of the above exception, another exception occurred:

Traceback (most recent call last):
  File "C:\esps\esp-idf\components\spiffs\spiffsgen.py", line 590, in <module>
    main()
  File "C:\esps\esp-idf\components\spiffs\spiffsgen.py", line 582, in main
    spiffs.create_file('/' + os.path.relpath(full_path, args.base_dir).replace('\\', '/'), full_path)
  File "C:\esps\esp-idf\components\spiffs\spiffsgen.py", line 446, in create_file
    block = self._create_block()
            ^^^^^^^^^^^^^^^^^^^^
  File "C:\esps\esp-idf\components\spiffs\spiffsgen.py", line 395, in _create_block
    raise SpiffsFullError('the image size has been exceeded')
SpiffsFullError: the image size has been exceeded
[3/6] Performing build step for 'bootloader'
[1/1] C:\WINDOWS\system32\cmd.exe /C "cd /D C:\ECE478\esp-dev-kits-master\esp-dev-kits-master\esp32-c3-lcdkit\examples\knob_panel\build\bootloader\esp-idf\esptool_py && C:\Espressif\python_env\idf5.3_py3.11_env\Scripts\python.exe C:/esps/esp-idf/components/partition_table/check_sizes.py --offset 0x8000 bootloader 0x0 C:/ECE478/esp-dev-kits-master/esp-dev-kits-master/esp32-c3-lcdkit/examples/knob_panel/build/bootloader/bootloader.bin"
Bootloader binary size 0x57d0 bytes. 0x2830 bytes (31%) free.
ninja: build stopped: subcommand failed.
